2025-11-06 10:50:01 [SUCCESS] Created logs directory: /home/haseeb-raza/Desktop/Pitchex/logs
2025-11-06 10:50:01 [SUCCESS] Created PID directory: /home/haseeb-raza/Desktop/Pitchex/.pids
2025-11-06 10:50:01 [SECTION] Checking Dependencies
2025-11-06 10:50:01 [SUCCESS] Python3: Python 3.12.3
2025-11-06 10:50:01 [SUCCESS] Node.js: v20.19.3
2025-11-06 10:50:02 [SUCCESS] npm: 11.6.2
2025-11-06 10:50:02 [SUCCESS] curl: Available
2025-11-06 10:50:02 [SUCCESS] All dependencies satisfied
2025-11-06 10:50:02 [SECTION] Checking Port Availability
2025-11-06 10:50:02 [SUCCESS] Port 8000 (Backend) is available
2025-11-06 10:50:02 [SUCCESS] Port 3001 (Frontend) is available
2025-11-06 10:50:02 [SECTION] Starting Backend (FastAPI)
2025-11-06 10:50:02 [INFO] Installing/updating backend dependencies...
2025-11-06 10:50:06 [INFO] Starting FastAPI server on port 8000...
2025-11-06 10:50:06 [SUCCESS] Backend started (PID: 199189)
2025-11-06 10:50:06 [INFO] Backend logs: /home/haseeb-raza/Desktop/Pitchex/logs/backend.log
2025-11-06 10:50:06 [INFO] Waiting for backend to become healthy...
2025-11-06 10:50:14 [SUCCESS] Backend is healthy and responding on port 8000
2025-11-06 10:50:14 [SECTION] Starting Frontend (Next.js)
2025-11-06 10:50:14 [INFO] Starting Next.js server on port 3001...
2025-11-06 10:50:14 [SUCCESS] Frontend started (PID: 199313)
2025-11-06 10:50:14 [INFO] Frontend logs: /home/haseeb-raza/Desktop/Pitchex/logs/frontend.log
2025-11-06 10:50:14 [INFO] Waiting for frontend to become healthy...
2025-11-06 10:50:33 [SUCCESS] Frontend is healthy and responding on port 3001
2025-11-06 10:50:33 [SECTION] Starting Health Monitor
2025-11-06 10:50:33 [SUCCESS] Health monitor started (PID: 199593)
2025-11-06 10:50:33 [INFO] Health checks every 30 seconds
2025-11-06 10:50:33 [INFO] Health logs: /home/haseeb-raza/Desktop/Pitchex/logs/health.log
2025-11-06 10:50:33 [SECTION] Application Status
2025-11-06 10:50:33 [SUCCESS] Application startup complete!
2025-11-06 10:50:33 [INFO] Press Ctrl+C to exit (services will continue running)
2025-11-06 10:50:33 [INFO] Use ./stop-app.sh to stop all services
2025-11-06 10:50:44 [WARNING] Received interrupt signal. Use ./stop-app.sh to stop services cleanly.
2025-11-06 10:53:05 [SECTION] Pitchex Application Startup
2025-11-06 10:53:05 [SECTION] Setting Up Directories
2025-11-06 10:53:05 [SECTION] Checking Dependencies
2025-11-06 10:53:05 [SUCCESS] Python3: Python 3.12.3
2025-11-06 10:53:05 [SUCCESS] Node.js: v20.19.3
2025-11-06 10:53:05 [SUCCESS] npm: 11.6.2
2025-11-06 10:53:05 [SUCCESS] curl: Available
2025-11-06 10:53:06 [SUCCESS] All dependencies satisfied
2025-11-06 10:53:06 [SECTION] Checking Port Availability
2025-11-06 10:53:06 [SUCCESS] Port 8000 (Backend) is available
2025-11-06 10:53:06 [SUCCESS] Port 3001 (Frontend) is available
2025-11-06 10:53:06 [SECTION] Starting Backend (FastAPI)
2025-11-06 10:53:06 [INFO] Installing/updating backend dependencies...
2025-11-06 10:53:09 [INFO] Starting FastAPI server on port 8000...
2025-11-06 10:53:09 [SUCCESS] Backend started (PID: 201244)
2025-11-06 10:53:09 [INFO] Backend logs: /home/haseeb-raza/Desktop/Pitchex/logs/backend.log
2025-11-06 10:53:09 [INFO] Waiting for backend to become healthy...
2025-11-06 10:53:17 [SUCCESS] Backend is healthy and responding on port 8000
2025-11-06 10:53:17 [SECTION] Starting Frontend (Next.js)
2025-11-06 10:53:17 [INFO] Starting Next.js server on port 3001...
2025-11-06 10:53:17 [SUCCESS] Frontend started (PID: 201364)
2025-11-06 10:53:17 [INFO] Frontend logs: /home/haseeb-raza/Desktop/Pitchex/logs/frontend.log
2025-11-06 10:53:17 [INFO] Waiting for frontend to become healthy...
2025-11-06 10:53:32 [SUCCESS] Frontend is healthy and responding on port 3001
2025-11-06 10:53:32 [SECTION] Starting Health Monitor
2025-11-06 10:53:32 [SUCCESS] Health monitor started (PID: 201623)
2025-11-06 10:53:32 [INFO] Health checks every 30 seconds
2025-11-06 10:53:32 [INFO] Health logs: /home/haseeb-raza/Desktop/Pitchex/logs/health.log
2025-11-06 10:53:32 [SECTION] Application Status
2025-11-06 10:53:32 [SUCCESS] Application startup complete!
2025-11-06 10:53:32 [INFO] Press Ctrl+C to exit (services will continue running)
2025-11-06 10:53:33 [INFO] Use ./stop-app.sh to stop all services
2025-11-06 11:02:58 [WARNING] Received interrupt signal. Use ./stop-app.sh to stop services cleanly.
2025-11-06 11:03:49 [SECTION] Pitchex Application Startup
2025-11-06 11:03:49 [SECTION] Setting Up Directories
2025-11-06 11:03:49 [SECTION] Checking Dependencies
2025-11-06 11:03:49 [SUCCESS] Python3: Python 3.12.3
2025-11-06 11:03:49 [SUCCESS] Node.js: v20.19.3
2025-11-06 11:03:49 [SUCCESS] npm: 11.6.2
2025-11-06 11:03:49 [SUCCESS] curl: Available
2025-11-06 11:03:49 [SUCCESS] All dependencies satisfied
2025-11-06 11:03:49 [SECTION] Checking Port Availability
2025-11-06 11:03:49 [SUCCESS] Port 8000 (Backend) is available
2025-11-06 11:03:49 [SUCCESS] Port 3001 (Frontend) is available
2025-11-06 11:03:49 [SECTION] Starting Backend (FastAPI)
2025-11-06 11:03:50 [INFO] Installing/updating backend dependencies...
2025-11-06 11:03:53 [INFO] Starting FastAPI server on port 8000...
2025-11-06 11:03:53 [SUCCESS] Backend started (PID: 208777)
2025-11-06 11:03:53 [INFO] Backend logs: /home/haseeb-raza/Desktop/Pitchex/logs/backend.log
2025-11-06 11:03:53 [INFO] Waiting for backend to become healthy...
2025-11-06 11:04:01 [SUCCESS] Backend is healthy and responding on port 8000
2025-11-06 11:04:01 [SECTION] Starting Frontend (Next.js)
2025-11-06 11:04:01 [INFO] Starting Next.js server on port 3001...
2025-11-06 11:04:01 [SUCCESS] Frontend started (PID: 208990)
2025-11-06 11:04:01 [INFO] Frontend logs: /home/haseeb-raza/Desktop/Pitchex/logs/frontend.log
2025-11-06 11:04:01 [INFO] Waiting for frontend to become healthy...
2025-11-06 11:04:21 [SUCCESS] Frontend is healthy and responding on port 3001
2025-11-06 11:04:21 [SECTION] Starting Health Monitor
2025-11-06 11:04:21 [SUCCESS] Health monitor started (PID: 209288)
2025-11-06 11:04:21 [INFO] Health checks every 30 seconds
2025-11-06 11:04:21 [INFO] Health logs: /home/haseeb-raza/Desktop/Pitchex/logs/health.log
2025-11-06 11:04:21 [SECTION] Application Status
2025-11-06 11:04:21 [SUCCESS] Application startup complete!
2025-11-06 11:04:21 [INFO] Press Ctrl+C to exit (services will continue running)
2025-11-06 11:04:21 [INFO] Use ./stop-app.sh to stop all services
2025-11-06 11:58:00 [WARNING] Received interrupt signal. Use ./stop-app.sh to stop services cleanly.
2025-11-06 11:58:02 [SECTION] Pitchex Application Startup
2025-11-06 11:58:02 [SECTION] Setting Up Directories
2025-11-06 11:58:02 [SECTION] Checking Dependencies
2025-11-06 11:58:02 [SUCCESS] Python3: Python 3.12.3
2025-11-06 11:58:02 [SUCCESS] Node.js: v20.19.3
2025-11-06 11:58:03 [SUCCESS] npm: 11.6.2
2025-11-06 11:58:03 [SUCCESS] curl: Available
2025-11-06 11:58:03 [SUCCESS] All dependencies satisfied
2025-11-06 11:58:03 [SECTION] Checking Port Availability
2025-11-06 11:58:03 [SUCCESS] Port 8000 (Backend) is available
2025-11-06 11:58:03 [SUCCESS] Port 3001 (Frontend) is available
2025-11-06 11:58:03 [SECTION] Starting Backend (FastAPI)
2025-11-06 11:58:03 [INFO] Installing/updating backend dependencies...
2025-11-06 11:58:16 [INFO] Starting FastAPI server on port 8000...
2025-11-06 11:58:16 [SUCCESS] Backend started (PID: 243703)
2025-11-06 11:58:16 [INFO] Backend logs: /home/haseeb-raza/Desktop/Pitchex/logs/backend.log
2025-11-06 11:58:16 [INFO] Waiting for backend to become healthy...
2025-11-06 11:59:16 [ERROR] Backend failed to start within 60 seconds
2025-11-06 11:59:17 [ERROR] Check logs at: /home/haseeb-raza/Desktop/Pitchex/logs/backend.log
2025-11-06 11:59:17 [WARNING] Cleaning up due to error...
2025-11-06 11:59:17 [INFO] Stopped backend (PID: 243703)
2025-11-06 12:08:07 [SECTION] Pitchex Application Startup
2025-11-06 12:08:07 [SECTION] Setting Up Directories
2025-11-06 12:08:07 [SECTION] Checking Dependencies
2025-11-06 12:08:07 [SUCCESS] Python3: Python 3.12.3
2025-11-06 12:08:07 [SUCCESS] Node.js: v20.19.3
2025-11-06 12:08:08 [SUCCESS] npm: 11.6.2
2025-11-06 12:08:08 [SUCCESS] curl: Available
2025-11-06 12:08:08 [SUCCESS] All dependencies satisfied
2025-11-06 12:08:08 [SECTION] Checking Port Availability
2025-11-06 12:08:08 [SUCCESS] Port 8000 (Backend) is available
2025-11-06 12:08:09 [SUCCESS] Port 3001 (Frontend) is available
2025-11-06 12:08:09 [SECTION] Starting Backend (FastAPI)
2025-11-06 12:08:09 [INFO] Installing/updating backend dependencies...
2025-11-06 12:08:28 [INFO] Starting FastAPI server on port 8000...
2025-11-06 12:08:28 [SUCCESS] Backend started (PID: 248017)
2025-11-06 12:08:28 [INFO] Backend logs: /home/haseeb-raza/Desktop/Pitchex/logs/backend.log
2025-11-06 12:08:28 [INFO] Waiting for backend to become healthy...
2025-11-06 12:08:38 [SUCCESS] Backend is healthy and responding on port 8000
2025-11-06 12:08:38 [SECTION] Starting Frontend (Next.js)
2025-11-06 12:08:38 [INFO] Starting Next.js server on port 3001...
2025-11-06 12:08:38 [SUCCESS] Frontend started (PID: 248142)
2025-11-06 12:08:38 [INFO] Frontend logs: /home/haseeb-raza/Desktop/Pitchex/logs/frontend.log
2025-11-06 12:08:38 [INFO] Waiting for frontend to become healthy...
2025-11-06 12:08:58 [SUCCESS] Frontend is healthy and responding on port 3001
2025-11-06 12:08:58 [SECTION] Starting Health Monitor
2025-11-06 12:08:58 [SUCCESS] Health monitor started (PID: 248406)
2025-11-06 12:08:58 [INFO] Health checks every 30 seconds
2025-11-06 12:08:58 [INFO] Health logs: /home/haseeb-raza/Desktop/Pitchex/logs/health.log
2025-11-06 12:08:58 [SECTION] Application Status
2025-11-06 12:08:58 [SUCCESS] Application startup complete!
2025-11-06 12:08:58 [INFO] Press Ctrl+C to exit (services will continue running)
2025-11-06 12:08:58 [INFO] Use ./stop-app.sh to stop all services
2025-11-06 12:29:45 [WARNING] Received interrupt signal. Use ./stop-app.sh to stop services cleanly.
2025-11-06 13:16:56 [SECTION] Pitchex Application Startup
2025-11-06 13:16:56 [SECTION] Setting Up Directories
2025-11-06 13:16:56 [SECTION] Checking Dependencies
2025-11-06 13:16:56 [SUCCESS] Python3: Python 3.12.3
2025-11-06 13:16:56 [SUCCESS] Node.js: v20.19.3
2025-11-06 13:16:56 [SUCCESS] npm: 11.6.2
2025-11-06 13:16:56 [SUCCESS] curl: Available
2025-11-06 13:16:56 [SUCCESS] All dependencies satisfied
2025-11-06 13:16:56 [SECTION] Checking Port Availability
2025-11-06 13:16:56 [SUCCESS] Port 8000 (Backend) is available
2025-11-06 13:16:57 [SUCCESS] Port 3001 (Frontend) is available
2025-11-06 13:16:57 [SECTION] Starting Backend (FastAPI)
2025-11-06 13:16:57 [INFO] Installing/updating backend dependencies...
2025-11-06 13:17:00 [INFO] Starting FastAPI server on port 8000...
2025-11-06 13:17:00 [SUCCESS] Backend started (PID: 275818)
2025-11-06 13:17:00 [INFO] Backend logs: /home/haseeb-raza/Desktop/Pitchex/logs/backend.log
2025-11-06 13:17:00 [INFO] Waiting for backend to become healthy...
2025-11-06 13:17:10 [SUCCESS] Backend is healthy and responding on port 8000
2025-11-06 13:17:10 [SECTION] Starting Frontend (Next.js)
2025-11-06 13:17:10 [INFO] Starting Next.js server on port 3001...
2025-11-06 13:17:10 [SUCCESS] Frontend started (PID: 275963)
2025-11-06 13:17:10 [INFO] Frontend logs: /home/haseeb-raza/Desktop/Pitchex/logs/frontend.log
2025-11-06 13:17:10 [INFO] Waiting for frontend to become healthy...
2025-11-06 13:17:25 [SUCCESS] Frontend is healthy and responding on port 3001
2025-11-06 13:17:25 [SECTION] Starting Health Monitor
2025-11-06 13:17:25 [SUCCESS] Health monitor started (PID: 276232)
2025-11-06 13:17:25 [INFO] Health checks every 30 seconds
2025-11-06 13:17:25 [INFO] Health logs: /home/haseeb-raza/Desktop/Pitchex/logs/health.log
2025-11-06 13:17:25 [SECTION] Application Status
2025-11-06 13:17:25 [SUCCESS] Application startup complete!
2025-11-06 13:17:25 [INFO] Press Ctrl+C to exit (services will continue running)
2025-11-06 13:17:25 [INFO] Use ./stop-app.sh to stop all services
2025-11-11 15:06:47 [SECTION] Pitchex Application Startup
2025-11-11 15:06:47 [SECTION] Setting Up Directories
2025-11-11 15:06:47 [SECTION] Checking Dependencies
2025-11-11 15:06:47 [SUCCESS] Python3: Python 3.12.3
2025-11-11 15:06:47 [SUCCESS] Node.js: v20.19.3
2025-11-11 15:06:47 [SUCCESS] npm: 11.6.2
2025-11-11 15:06:47 [SUCCESS] curl: Available
2025-11-11 15:06:47 [SUCCESS] All dependencies satisfied
2025-11-11 15:06:47 [SECTION] Checking Port Availability
2025-11-11 15:06:47 [SUCCESS] Port 8000 (Backend) is available
2025-11-11 15:06:47 [SUCCESS] Port 3001 (Frontend) is available
2025-11-11 15:06:47 [SECTION] Starting Backend (FastAPI)
2025-11-11 15:06:47 [INFO] Installing/updating backend dependencies...
2025-11-11 15:06:51 [INFO] Starting FastAPI server on port 8000...
2025-11-11 15:06:51 [SUCCESS] Backend started (PID: 851660)
2025-11-11 15:06:51 [INFO] Backend logs: /home/haseeb-raza/Desktop/Pitchex/logs/backend.log
2025-11-11 15:06:51 [INFO] Waiting for backend to become healthy...
2025-11-11 15:07:03 [SUCCESS] Backend is healthy and responding on port 8000
2025-11-11 15:07:03 [SECTION] Starting Frontend (Next.js)
2025-11-11 15:07:03 [INFO] Starting Next.js server on port 3001...
2025-11-11 15:07:03 [SUCCESS] Frontend started (PID: 851825)
2025-11-11 15:07:03 [INFO] Frontend logs: /home/haseeb-raza/Desktop/Pitchex/logs/frontend.log
2025-11-11 15:07:03 [INFO] Waiting for frontend to become healthy...
2025-11-11 15:07:19 [SUCCESS] Frontend is healthy and responding on port 3001
2025-11-11 15:07:19 [SECTION] Starting Health Monitor
2025-11-11 15:07:19 [SUCCESS] Health monitor started (PID: 852100)
2025-11-11 15:07:19 [INFO] Health checks every 30 seconds
2025-11-11 15:07:19 [INFO] Health logs: /home/haseeb-raza/Desktop/Pitchex/logs/health.log
2025-11-11 15:07:19 [SECTION] Application Status
2025-11-11 15:07:20 [SUCCESS] Application startup complete!
2025-11-11 15:07:20 [INFO] Press Ctrl+C to exit (services will continue running)
2025-11-11 15:07:20 [INFO] Use ./stop-app.sh to stop all services
2025-11-11 15:08:37 [WARNING] Received interrupt signal. Use ./stop-app.sh to stop services cleanly.
2025-11-11 15:11:53 [SECTION] Pitchex Application Startup
2025-11-11 15:11:53 [SECTION] Setting Up Directories
2025-11-11 15:11:53 [SECTION] Checking Dependencies
2025-11-11 15:11:53 [SUCCESS] Python3: Python 3.12.3
2025-11-11 15:11:53 [SUCCESS] Node.js: v20.19.3
2025-11-11 15:11:54 [SUCCESS] npm: 11.6.2
2025-11-11 15:11:54 [SUCCESS] curl: Available
2025-11-11 15:11:54 [SUCCESS] All dependencies satisfied
2025-11-11 15:11:54 [SECTION] Checking Port Availability
2025-11-11 15:11:54 [SUCCESS] Port 8000 (Backend) is available
2025-11-11 15:11:54 [SUCCESS] Port 3001 (Frontend) is available
2025-11-11 15:11:54 [SECTION] Starting Backend (FastAPI)
2025-11-11 15:11:54 [INFO] Installing/updating backend dependencies...
2025-11-11 15:11:57 [INFO] Starting FastAPI server on port 8000...
2025-11-11 15:11:57 [SUCCESS] Backend started (PID: 855198)
2025-11-11 15:11:57 [INFO] Backend logs: /home/haseeb-raza/Desktop/Pitchex/logs/backend.log
2025-11-11 15:11:57 [INFO] Waiting for backend to become healthy...
2025-11-11 15:12:07 [SUCCESS] Backend is healthy and responding on port 8000
2025-11-11 15:12:07 [SECTION] Starting Frontend (Next.js)
2025-11-11 15:12:07 [INFO] Starting Next.js server on port 3001...
2025-11-11 15:12:07 [SUCCESS] Frontend started (PID: 855360)
2025-11-11 15:12:07 [INFO] Frontend logs: /home/haseeb-raza/Desktop/Pitchex/logs/frontend.log
2025-11-11 15:12:07 [INFO] Waiting for frontend to become healthy...
2025-11-11 15:12:23 [SUCCESS] Frontend is healthy and responding on port 3001
2025-11-11 15:12:23 [SECTION] Starting Health Monitor
2025-11-11 15:12:23 [SUCCESS] Health monitor started (PID: 855571)
2025-11-11 15:12:23 [INFO] Health checks every 30 seconds
2025-11-11 15:12:23 [INFO] Health logs: /home/haseeb-raza/Desktop/Pitchex/logs/health.log
2025-11-11 15:12:23 [SECTION] Application Status
2025-11-11 15:12:23 [SUCCESS] Application startup complete!
2025-11-11 15:12:23 [INFO] Press Ctrl+C to exit (services will continue running)
2025-11-11 15:12:23 [INFO] Use ./stop-app.sh to stop all services
2025-11-11 16:44:25 [SECTION] Pitchex Application Startup
2025-11-11 16:44:25 [SECTION] Setting Up Directories
2025-11-11 16:44:25 [SECTION] Checking Dependencies
2025-11-11 16:44:25 [SUCCESS] Python3: Python 3.12.3
2025-11-11 16:44:25 [SUCCESS] Node.js: v20.19.3
2025-11-11 16:44:25 [SUCCESS] npm: 11.6.2
2025-11-11 16:44:25 [SUCCESS] curl: Available
2025-11-11 16:44:25 [SUCCESS] All dependencies satisfied
2025-11-11 16:44:25 [SECTION] Checking Port Availability
2025-11-11 16:44:25 [SUCCESS] Port 8000 (Backend) is available
2025-11-11 16:44:26 [SUCCESS] Port 3001 (Frontend) is available
2025-11-11 16:44:26 [SECTION] Starting Backend (FastAPI)
2025-11-11 16:44:26 [INFO] Installing/updating backend dependencies...
2025-11-11 16:45:14 [WARNING] Received interrupt signal. Use ./stop-app.sh to stop services cleanly.
2025-11-11 17:28:00 [SECTION] Pitchex Application Startup
2025-11-11 17:28:00 [SECTION] Setting Up Directories
2025-11-11 17:28:00 [SECTION] Checking Dependencies
2025-11-11 17:28:00 [SUCCESS] Python3: Python 3.12.3
2025-11-11 17:28:00 [SUCCESS] Node.js: v20.19.3
2025-11-11 17:28:00 [SUCCESS] npm: 11.6.2
2025-11-11 17:28:00 [SUCCESS] curl: Available
2025-11-11 17:28:00 [SUCCESS] All dependencies satisfied
2025-11-11 17:28:00 [SECTION] Checking Port Availability
2025-11-11 17:28:00 [SUCCESS] Port 8000 (Backend) is available
2025-11-11 17:28:00 [SUCCESS] Port 3001 (Frontend) is available
2025-11-11 17:28:00 [SECTION] Starting Backend (FastAPI)
2025-11-11 17:28:00 [INFO] Installing/updating backend dependencies...
2025-11-11 17:28:11 [INFO] Starting FastAPI server on port 8000...
2025-11-11 17:28:11 [SUCCESS] Backend started (PID: 938375)
2025-11-11 17:28:11 [INFO] Backend logs: /home/haseeb-raza/Desktop/Pitchex/logs/backend.log
2025-11-11 17:28:11 [INFO] Waiting for backend to become healthy...
2025-11-11 17:28:29 [SUCCESS] Backend is healthy and responding on port 8000
2025-11-11 17:28:29 [SECTION] Starting Frontend (Next.js)
2025-11-11 17:28:29 [INFO] Starting Next.js server on port 3001...
2025-11-11 17:28:29 [SUCCESS] Frontend started (PID: 938962)
2025-11-11 17:28:29 [INFO] Frontend logs: /home/haseeb-raza/Desktop/Pitchex/logs/frontend.log
2025-11-11 17:28:30 [INFO] Waiting for frontend to become healthy...
2025-11-11 17:28:56 [SUCCESS] Frontend is healthy and responding on port 3001
2025-11-11 17:28:56 [SECTION] Starting Health Monitor
2025-11-11 17:28:56 [SUCCESS] Health monitor started (PID: 939232)
2025-11-11 17:28:56 [INFO] Health checks every 30 seconds
2025-11-11 17:28:56 [INFO] Health logs: /home/haseeb-raza/Desktop/Pitchex/logs/health.log
2025-11-11 17:28:56 [SECTION] Application Status
2025-11-11 17:28:57 [SUCCESS] Application startup complete!
2025-11-11 17:28:57 [INFO] Press Ctrl+C to exit (services will continue running)
2025-11-11 17:28:57 [INFO] Use ./stop-app.sh to stop all services
2025-11-11 18:11:50 [WARNING] Received interrupt signal. Use ./stop-app.sh to stop services cleanly.
2025-11-11 18:23:06 [SECTION] Pitchex Application Startup
2025-11-11 18:23:06 [SECTION] Setting Up Directories
2025-11-11 18:23:06 [SECTION] Checking Dependencies
2025-11-11 18:23:06 [SUCCESS] Python3: Python 3.12.3
2025-11-11 18:23:06 [SUCCESS] Node.js: v20.19.3
2025-11-11 18:23:06 [SUCCESS] npm: 11.6.2
2025-11-11 18:23:06 [SUCCESS] curl: Available
2025-11-11 18:23:06 [SUCCESS] All dependencies satisfied
2025-11-11 18:23:06 [SECTION] Checking Port Availability
2025-11-11 18:23:06 [SUCCESS] Port 8000 (Backend) is available
2025-11-11 18:23:06 [SUCCESS] Port 3001 (Frontend) is available
2025-11-11 18:23:06 [SECTION] Starting Backend (FastAPI)
2025-11-11 18:23:06 [INFO] Installing/updating backend dependencies...
2025-11-11 18:23:10 [INFO] Starting FastAPI server on port 8000...
2025-11-11 18:23:10 [SUCCESS] Backend started (PID: 974434)
2025-11-11 18:23:10 [INFO] Backend logs: /home/haseeb-raza/Desktop/Pitchex/logs/backend.log
2025-11-11 18:23:10 [INFO] Waiting for backend to become healthy...
2025-11-11 18:23:20 [SUCCESS] Backend is healthy and responding on port 8000
2025-11-11 18:23:20 [SECTION] Starting Frontend (Next.js)
2025-11-11 18:23:20 [INFO] Starting Next.js server on port 3001...
2025-11-11 18:23:20 [SUCCESS] Frontend started (PID: 974577)
2025-11-11 18:23:20 [INFO] Frontend logs: /home/haseeb-raza/Desktop/Pitchex/logs/frontend.log
2025-11-11 18:23:20 [INFO] Waiting for frontend to become healthy...
2025-11-11 18:23:34 [SUCCESS] Frontend is healthy and responding on port 3001
2025-11-11 18:23:34 [SECTION] Starting Health Monitor
2025-11-11 18:23:34 [SUCCESS] Health monitor started (PID: 974831)
2025-11-11 18:23:34 [INFO] Health checks every 30 seconds
2025-11-11 18:23:34 [INFO] Health logs: /home/haseeb-raza/Desktop/Pitchex/logs/health.log
2025-11-11 18:23:34 [SECTION] Application Status
2025-11-11 18:23:34 [SUCCESS] Application startup complete!
2025-11-11 18:23:34 [INFO] Press Ctrl+C to exit (services will continue running)
2025-11-11 18:23:34 [INFO] Use ./stop-app.sh to stop all services
2025-11-11 18:34:49 [WARNING] Received interrupt signal. Use ./stop-app.sh to stop services cleanly.
2025-11-11 18:34:53 [SECTION] Pitchex Application Startup
2025-11-11 18:34:53 [SECTION] Setting Up Directories
2025-11-11 18:34:53 [SECTION] Checking Dependencies
2025-11-11 18:34:53 [SUCCESS] Python3: Python 3.12.3
2025-11-11 18:34:53 [SUCCESS] Node.js: v20.19.3
2025-11-11 18:34:54 [SUCCESS] npm: 11.6.2
2025-11-11 18:34:54 [SUCCESS] curl: Available
2025-11-11 18:34:54 [SUCCESS] All dependencies satisfied
2025-11-11 18:34:54 [SECTION] Checking Port Availability
2025-11-11 18:34:54 [SUCCESS] Port 8000 (Backend) is available
2025-11-11 18:34:54 [SUCCESS] Port 3001 (Frontend) is available
2025-11-11 18:34:54 [SECTION] Starting Backend (FastAPI)
2025-11-11 18:34:54 [INFO] Installing/updating backend dependencies...
2025-11-11 18:34:58 [INFO] Starting FastAPI server on port 8000...
2025-11-11 18:34:58 [SUCCESS] Backend started (PID: 985975)
2025-11-11 18:34:58 [INFO] Backend logs: /home/haseeb-raza/Desktop/Pitchex/logs/backend.log
2025-11-11 18:34:58 [INFO] Waiting for backend to become healthy...
2025-11-11 18:35:08 [SUCCESS] Backend is healthy and responding on port 8000
2025-11-11 18:35:08 [SECTION] Starting Frontend (Next.js)
2025-11-11 18:35:08 [INFO] Starting Next.js server on port 3001...
2025-11-11 18:35:08 [SUCCESS] Frontend started (PID: 986123)
2025-11-11 18:35:08 [INFO] Frontend logs: /home/haseeb-raza/Desktop/Pitchex/logs/frontend.log
2025-11-11 18:35:08 [INFO] Waiting for frontend to become healthy...
2025-11-11 18:35:25 [SUCCESS] Frontend is healthy and responding on port 3001
2025-11-11 18:35:25 [SECTION] Starting Health Monitor
2025-11-11 18:35:25 [SUCCESS] Health monitor started (PID: 986395)
2025-11-11 18:35:25 [INFO] Health checks every 30 seconds
2025-11-11 18:35:25 [INFO] Health logs: /home/haseeb-raza/Desktop/Pitchex/logs/health.log
2025-11-11 18:35:25 [SECTION] Application Status
2025-11-11 18:35:25 [SUCCESS] Application startup complete!
2025-11-11 18:35:25 [INFO] Press Ctrl+C to exit (services will continue running)
2025-11-11 18:35:25 [INFO] Use ./stop-app.sh to stop all services
2025-11-11 20:55:19 [WARNING] Received interrupt signal. Use ./stop-app.sh to stop services cleanly.
2025-11-11 20:55:19 [WARNING] Received interrupt signal. Use ./stop-app.sh to stop services cleanly.
2025-11-12 14:42:23 [SECTION] Pitchex Application Startup
2025-11-12 14:42:23 [SECTION] Setting Up Directories
2025-11-12 14:42:23 [SECTION] Checking Dependencies
2025-11-12 14:42:23 [SUCCESS] Python3: Python 3.12.3
2025-11-12 14:42:23 [SUCCESS] Node.js: v20.19.3
2025-11-12 14:42:24 [SUCCESS] npm: 11.6.2
2025-11-12 14:42:24 [SUCCESS] curl: Available
2025-11-12 14:42:24 [SUCCESS] All dependencies satisfied
2025-11-12 14:42:24 [SECTION] Checking Port Availability
2025-11-12 14:42:24 [SUCCESS] Port 8000 (Backend) is available
2025-11-12 14:42:24 [SUCCESS] Port 3001 (Frontend) is available
2025-11-12 14:42:24 [SECTION] Starting Backend (FastAPI)
2025-11-12 14:42:24 [INFO] Installing/updating backend dependencies...
2025-11-12 14:42:35 [INFO] Starting FastAPI server on port 8000...
2025-11-12 14:42:35 [SUCCESS] Backend started (PID: 26373)
2025-11-12 14:42:35 [INFO] Backend logs: /home/haseeb-raza/Desktop/Pitchex/logs/backend.log
2025-11-12 14:42:35 [INFO] Waiting for backend to become healthy...
2025-11-12 14:43:09 [SUCCESS] Backend is healthy and responding on port 8000
2025-11-12 14:43:09 [SECTION] Starting Frontend (Next.js)
2025-11-12 14:43:09 [INFO] Starting Next.js server on port 3001...
2025-11-12 14:43:09 [SUCCESS] Frontend started (PID: 26967)
2025-11-12 14:43:09 [INFO] Frontend logs: /home/haseeb-raza/Desktop/Pitchex/logs/frontend.log
2025-11-12 14:43:09 [INFO] Waiting for frontend to become healthy...
2025-11-12 14:43:10 [WARNING] Received interrupt signal. Use ./stop-app.sh to stop services cleanly.
2025-11-12 19:23:19 [SECTION] Pitchex Application Startup
2025-11-12 19:23:19 [SECTION] Setting Up Directories
2025-11-12 19:23:19 [SECTION] Checking Dependencies
2025-11-12 19:23:19 [SUCCESS] Python3: Python 3.12.3
2025-11-12 19:23:19 [SUCCESS] Node.js: v20.19.3
2025-11-12 19:23:19 [SUCCESS] npm: 11.6.2
2025-11-12 19:23:19 [SUCCESS] curl: Available
2025-11-12 19:23:19 [SUCCESS] All dependencies satisfied
2025-11-12 19:23:20 [SECTION] Checking Port Availability
2025-11-12 19:23:20 [SUCCESS] Port 8000 (Backend) is available
2025-11-12 19:23:20 [SUCCESS] Port 3001 (Frontend) is available
2025-11-12 19:23:20 [SECTION] Starting Backend (FastAPI)
2025-11-12 19:23:20 [INFO] Installing/updating backend dependencies...
2025-11-12 19:23:24 [INFO] Starting FastAPI server on port 8000...
2025-11-12 19:23:24 [SUCCESS] Backend started (PID: 36425)
2025-11-12 19:23:24 [INFO] Backend logs: /home/haseeb-raza/Desktop/Pitchex/logs/backend.log
2025-11-12 19:23:24 [INFO] Waiting for backend to become healthy...
2025-11-12 19:23:36 [SUCCESS] Backend is healthy and responding on port 8000
2025-11-12 19:23:36 [SECTION] Starting Frontend (Next.js)
2025-11-12 19:23:36 [INFO] Starting Next.js server on port 3001...
2025-11-12 19:23:36 [SUCCESS] Frontend started (PID: 36594)
2025-11-12 19:23:36 [INFO] Frontend logs: /home/haseeb-raza/Desktop/Pitchex/logs/frontend.log
2025-11-12 19:23:36 [INFO] Waiting for frontend to become healthy...
2025-11-12 19:23:52 [SUCCESS] Frontend is healthy and responding on port 3001
2025-11-12 19:23:52 [SECTION] Starting Health Monitor
2025-11-12 19:23:52 [SUCCESS] Health monitor started (PID: 36887)
2025-11-12 19:23:52 [INFO] Health checks every 30 seconds
2025-11-12 19:23:52 [INFO] Health logs: /home/haseeb-raza/Desktop/Pitchex/logs/health.log
2025-11-12 19:23:52 [SECTION] Application Status
2025-11-12 19:23:52 [SUCCESS] Application startup complete!
2025-11-12 19:23:52 [INFO] Press Ctrl+C to exit (services will continue running)
2025-11-12 19:23:52 [INFO] Use ./stop-app.sh to stop all services
2025-11-12 20:13:23 [SECTION] Pitchex Application Startup
2025-11-12 20:13:23 [SECTION] Setting Up Directories
2025-11-12 20:13:23 [SECTION] Checking Dependencies
2025-11-12 20:13:23 [SUCCESS] Python3: Python 3.12.3
2025-11-12 20:13:23 [SUCCESS] Node.js: v20.19.3
2025-11-12 20:13:23 [SUCCESS] npm: 11.6.2
2025-11-12 20:13:23 [SUCCESS] curl: Available
2025-11-12 20:13:23 [SUCCESS] All dependencies satisfied
2025-11-12 20:13:23 [SECTION] Checking Port Availability
2025-11-12 20:13:23 [ERROR] Port 8000 (Backend) is already in use
2025-11-12 20:13:23 [INFO] Run: lsof -i :8000 to see what's using it
2025-11-12 20:13:23 [INFO] Or run: ./stop-app.sh to stop existing instances
2025-11-12 20:14:19 [SECTION] Pitchex Application Startup
2025-11-12 20:14:19 [SECTION] Setting Up Directories
2025-11-12 20:14:19 [SECTION] Checking Dependencies
2025-11-12 20:14:19 [SUCCESS] Python3: Python 3.12.3
2025-11-12 20:14:19 [SUCCESS] Node.js: v20.19.3
2025-11-12 20:14:19 [SUCCESS] npm: 11.6.2
2025-11-12 20:14:19 [SUCCESS] curl: Available
2025-11-12 20:14:19 [SUCCESS] All dependencies satisfied
2025-11-12 20:14:19 [SECTION] Checking Port Availability
2025-11-12 20:14:19 [ERROR] Port 8000 (Backend) is already in use
2025-11-12 20:14:19 [INFO] Run: lsof -i :8000 to see what's using it
2025-11-12 20:14:19 [INFO] Or run: ./stop-app.sh to stop existing instances
2025-11-12 20:15:09 [SECTION] Pitchex Application Startup
2025-11-12 20:15:09 [SECTION] Setting Up Directories
2025-11-12 20:15:09 [SECTION] Checking Dependencies
2025-11-12 20:15:09 [SUCCESS] Python3: Python 3.12.3
2025-11-12 20:15:09 [SUCCESS] Node.js: v20.19.3
2025-11-12 20:15:09 [SUCCESS] npm: 11.6.2
2025-11-12 20:15:09 [SUCCESS] curl: Available
2025-11-12 20:15:09 [SUCCESS] All dependencies satisfied
2025-11-12 20:15:09 [SECTION] Checking Port Availability
2025-11-12 20:15:09 [SUCCESS] Port 8000 (Backend) is available
2025-11-12 20:15:10 [SUCCESS] Port 3001 (Frontend) is available
2025-11-12 20:15:10 [SECTION] Starting Backend (FastAPI)
2025-11-12 20:15:10 [INFO] Installing/updating backend dependencies...
2025-11-12 20:15:13 [INFO] Starting FastAPI server on port 8000...
2025-11-12 20:15:13 [SUCCESS] Backend started (PID: 66976)
2025-11-12 20:15:13 [INFO] Backend logs: /home/haseeb-raza/Desktop/Pitchex/logs/backend.log
2025-11-12 20:15:13 [INFO] Waiting for backend to become healthy...
2025-11-12 20:15:23 [SUCCESS] Backend is healthy and responding on port 8000
2025-11-12 20:15:23 [SECTION] Starting Frontend (Next.js)
2025-11-12 20:15:23 [INFO] Starting Next.js server on port 3001...
2025-11-12 20:15:23 [SUCCESS] Frontend started (PID: 67115)
2025-11-12 20:15:23 [INFO] Frontend logs: /home/haseeb-raza/Desktop/Pitchex/logs/frontend.log
2025-11-12 20:15:23 [INFO] Waiting for frontend to become healthy...
2025-11-12 20:15:37 [SUCCESS] Frontend is healthy and responding on port 3001
2025-11-12 20:15:37 [SECTION] Starting Health Monitor
2025-11-12 20:15:37 [SUCCESS] Health monitor started (PID: 67343)
2025-11-12 20:15:37 [INFO] Health checks every 30 seconds
2025-11-12 20:15:37 [INFO] Health logs: /home/haseeb-raza/Desktop/Pitchex/logs/health.log
2025-11-12 20:15:37 [SECTION] Application Status
2025-11-12 20:15:37 [SUCCESS] Application startup complete!
2025-11-12 20:15:37 [INFO] Press Ctrl+C to exit (services will continue running)
2025-11-12 20:15:37 [INFO] Use ./stop-app.sh to stop all services
2025-11-12 20:19:09 [SECTION] Pitchex Application Startup
2025-11-12 20:19:09 [SECTION] Setting Up Directories
2025-11-12 20:19:09 [SECTION] Checking Dependencies
2025-11-12 20:19:09 [SUCCESS] Python3: Python 3.12.3
2025-11-12 20:19:09 [SUCCESS] Node.js: v20.19.3
2025-11-12 20:19:10 [SUCCESS] npm: 11.6.2
2025-11-12 20:19:10 [SUCCESS] curl: Available
2025-11-12 20:19:10 [SUCCESS] All dependencies satisfied
2025-11-12 20:19:10 [SECTION] Checking Port Availability
2025-11-12 20:19:10 [ERROR] Port 8000 (Backend) is already in use
2025-11-12 20:19:10 [INFO] Run: lsof -i :8000 to see what's using it
2025-11-12 20:19:10 [INFO] Or run: ./stop-app.sh to stop existing instances
2025-11-12 20:20:06 [SECTION] Pitchex Application Startup
2025-11-12 20:20:06 [SECTION] Setting Up Directories
2025-11-12 20:20:06 [SECTION] Checking Dependencies
2025-11-12 20:20:06 [SUCCESS] Python3: Python 3.12.3
2025-11-12 20:20:06 [SUCCESS] Node.js: v20.19.3
2025-11-12 20:20:06 [SUCCESS] npm: 11.6.2
2025-11-12 20:20:06 [SUCCESS] curl: Available
2025-11-12 20:20:06 [SUCCESS] All dependencies satisfied
2025-11-12 20:20:06 [SECTION] Checking Port Availability
2025-11-12 20:20:06 [SUCCESS] Port 8000 (Backend) is available
2025-11-12 20:20:06 [SUCCESS] Port 3001 (Frontend) is available
2025-11-12 20:20:06 [SECTION] Starting Backend (FastAPI)
2025-11-12 20:20:06 [INFO] Installing/updating backend dependencies...
2025-11-12 20:20:09 [INFO] Starting FastAPI server on port 8000...
2025-11-12 20:20:09 [SUCCESS] Backend started (PID: 70853)
2025-11-12 20:20:09 [INFO] Backend logs: /home/haseeb-raza/Desktop/Pitchex/logs/backend.log
2025-11-12 20:20:09 [INFO] Waiting for backend to become healthy...
2025-11-12 20:20:21 [SUCCESS] Backend is healthy and responding on port 8000
2025-11-12 20:20:21 [SECTION] Starting Frontend (Next.js)
2025-11-12 20:20:21 [INFO] Starting Next.js server on port 3001...
2025-11-12 20:20:21 [SUCCESS] Frontend started (PID: 71089)
2025-11-12 20:20:21 [INFO] Frontend logs: /home/haseeb-raza/Desktop/Pitchex/logs/frontend.log
2025-11-12 20:20:21 [INFO] Waiting for frontend to become healthy...
2025-11-12 20:20:22 [SUCCESS] Frontend is healthy and responding on port 3001
2025-11-12 20:20:22 [SECTION] Starting Health Monitor
2025-11-12 20:20:22 [SUCCESS] Health monitor started (PID: 71125)
2025-11-12 20:20:22 [INFO] Health checks every 30 seconds
2025-11-12 20:20:22 [INFO] Health logs: /home/haseeb-raza/Desktop/Pitchex/logs/health.log
2025-11-12 20:20:22 [SECTION] Application Status
2025-11-12 20:20:22 [SUCCESS] Application startup complete!
2025-11-12 20:20:22 [INFO] Press Ctrl+C to exit (services will continue running)
2025-11-12 20:20:22 [INFO] Use ./stop-app.sh to stop all services
2025-11-13 11:19:35 [SECTION] Pitchex Application Startup
2025-11-13 11:19:35 [SECTION] Setting Up Directories
2025-11-13 11:19:35 [SECTION] Checking Dependencies
2025-11-13 11:19:35 [SUCCESS] Python3: Python 3.12.3
2025-11-13 11:19:35 [SUCCESS] Node.js: v20.19.3
2025-11-13 11:19:35 [SUCCESS] npm: 11.6.2
2025-11-13 11:19:35 [SUCCESS] curl: Available
2025-11-13 11:19:35 [SUCCESS] All dependencies satisfied
2025-11-13 11:19:35 [SECTION] Checking Port Availability
2025-11-13 11:19:36 [ERROR] Port 8000 (Backend) is already in use
2025-11-13 11:19:36 [INFO] Run: lsof -i :8000 to see what's using it
2025-11-13 11:19:36 [INFO] Or run: ./stop-app.sh to stop existing instances
2025-11-13 11:20:05 [SECTION] Pitchex Application Startup
2025-11-13 11:20:05 [SECTION] Setting Up Directories
2025-11-13 11:20:05 [SECTION] Checking Dependencies
2025-11-13 11:20:05 [SUCCESS] Python3: Python 3.12.3
2025-11-13 11:20:05 [SUCCESS] Node.js: v20.19.3
2025-11-13 11:20:05 [SUCCESS] npm: 11.6.2
2025-11-13 11:20:05 [SUCCESS] curl: Available
2025-11-13 11:20:05 [SUCCESS] All dependencies satisfied
2025-11-13 11:20:05 [SECTION] Checking Port Availability
2025-11-13 11:20:05 [SUCCESS] Port 8000 (Backend) is available
2025-11-13 11:20:05 [SUCCESS] Port 3001 (Frontend) is available
2025-11-13 11:20:05 [SECTION] Starting Backend (FastAPI)
2025-11-13 11:20:05 [INFO] Installing/updating backend dependencies...
2025-11-13 11:20:09 [INFO] Starting FastAPI server on port 8000...
2025-11-13 11:20:09 [SUCCESS] Backend started (PID: 136673)
2025-11-13 11:20:09 [INFO] Backend logs: /home/haseeb-raza/Desktop/Pitchex/logs/backend.log
2025-11-13 11:20:09 [INFO] Waiting for backend to become healthy...
2025-11-13 11:20:21 [SUCCESS] Backend is healthy and responding on port 8000
2025-11-13 11:20:21 [SECTION] Starting Frontend (Next.js)
2025-11-13 11:20:21 [INFO] Starting Next.js server on port 3001...
2025-11-13 11:20:21 [SUCCESS] Frontend started (PID: 136893)
2025-11-13 11:20:21 [INFO] Frontend logs: /home/haseeb-raza/Desktop/Pitchex/logs/frontend.log
2025-11-13 11:20:21 [INFO] Waiting for frontend to become healthy...
2025-11-13 11:20:22 [SUCCESS] Frontend is healthy and responding on port 3001
2025-11-13 11:20:22 [SECTION] Starting Health Monitor
2025-11-13 11:20:22 [SUCCESS] Health monitor started (PID: 136937)
2025-11-13 11:20:22 [INFO] Health checks every 30 seconds
2025-11-13 11:20:22 [INFO] Health logs: /home/haseeb-raza/Desktop/Pitchex/logs/health.log
2025-11-13 11:20:22 [SECTION] Application Status
2025-11-13 11:20:22 [SUCCESS] Application startup complete!
2025-11-13 11:20:22 [INFO] Press Ctrl+C to exit (services will continue running)
2025-11-13 11:20:22 [INFO] Use ./stop-app.sh to stop all services
2025-11-13 11:25:12 [WARNING] Received interrupt signal. Use ./stop-app.sh to stop services cleanly.
2025-11-13 11:26:11 [SECTION] Pitchex Application Startup
2025-11-13 11:26:11 [SECTION] Setting Up Directories
2025-11-13 11:26:11 [SECTION] Checking Dependencies
2025-11-13 11:26:11 [SUCCESS] Python3: Python 3.12.3
2025-11-13 11:26:11 [SUCCESS] Node.js: v20.19.3
2025-11-13 11:26:11 [SUCCESS] npm: 11.6.2
2025-11-13 11:26:11 [SUCCESS] curl: Available
2025-11-13 11:26:11 [SUCCESS] All dependencies satisfied
2025-11-13 11:26:11 [SECTION] Checking Port Availability
2025-11-13 11:26:11 [SUCCESS] Port 8000 (Backend) is available
2025-11-13 11:26:11 [SUCCESS] Port 3001 (Frontend) is available
2025-11-13 11:26:11 [SECTION] Starting Backend (FastAPI)
2025-11-13 11:26:11 [INFO] Installing/updating backend dependencies...
2025-11-13 11:26:15 [INFO] Starting FastAPI server on port 8000...
2025-11-13 11:26:15 [SUCCESS] Backend started (PID: 142443)
2025-11-13 11:26:15 [INFO] Backend logs: /home/haseeb-raza/Desktop/Pitchex/logs/backend.log
2025-11-13 11:26:15 [INFO] Waiting for backend to become healthy...
2025-11-13 11:26:25 [SUCCESS] Backend is healthy and responding on port 8000
2025-11-13 11:26:25 [SECTION] Starting Frontend (Next.js)
2025-11-13 11:26:25 [INFO] Starting Next.js server on port 3001...
2025-11-13 11:26:25 [SUCCESS] Frontend started (PID: 142668)
2025-11-13 11:26:25 [INFO] Frontend logs: /home/haseeb-raza/Desktop/Pitchex/logs/frontend.log
2025-11-13 11:26:25 [INFO] Waiting for frontend to become healthy...
2025-11-13 11:26:25 [SUCCESS] Frontend is healthy and responding on port 3001
2025-11-13 11:26:25 [SECTION] Starting Health Monitor
2025-11-13 11:26:25 [SUCCESS] Health monitor started (PID: 142704)
2025-11-13 11:26:25 [INFO] Health checks every 30 seconds
2025-11-13 11:26:25 [INFO] Health logs: /home/haseeb-raza/Desktop/Pitchex/logs/health.log
2025-11-13 11:26:25 [SECTION] Application Status
2025-11-13 11:26:25 [SUCCESS] Application startup complete!
2025-11-13 11:26:25 [INFO] Press Ctrl+C to exit (services will continue running)
2025-11-13 11:26:25 [INFO] Use ./stop-app.sh to stop all services
2025-11-13 11:26:42 [WARNING] Received interrupt signal. Use ./stop-app.sh to stop services cleanly.
2025-11-13 11:28:05 [SECTION] Pitchex Application Startup
2025-11-13 11:28:05 [SECTION] Setting Up Directories
2025-11-13 11:28:05 [SECTION] Checking Dependencies
2025-11-13 11:28:05 [SUCCESS] Python3: Python 3.12.3
2025-11-13 11:28:05 [SUCCESS] Node.js: v20.19.3
2025-11-13 11:28:05 [SUCCESS] npm: 11.6.2
2025-11-13 11:28:05 [SUCCESS] curl: Available
2025-11-13 11:28:05 [SUCCESS] All dependencies satisfied
2025-11-13 11:28:05 [SECTION] Checking Port Availability
2025-11-13 11:28:05 [SUCCESS] Port 8000 (Backend) is available
2025-11-13 11:28:05 [SUCCESS] Port 3001 (Frontend) is available
2025-11-13 11:28:05 [SECTION] Starting Backend (FastAPI)
2025-11-13 11:28:05 [INFO] Installing/updating backend dependencies...
2025-11-13 11:28:09 [INFO] Starting FastAPI server on port 8000...
2025-11-13 11:28:09 [SUCCESS] Backend started (PID: 144693)
2025-11-13 11:28:09 [INFO] Backend logs: /home/haseeb-raza/Desktop/Pitchex/logs/backend.log
2025-11-13 11:28:09 [INFO] Waiting for backend to become healthy...
2025-11-13 11:28:19 [SUCCESS] Backend is healthy and responding on port 8000
2025-11-13 11:28:19 [SECTION] Starting Frontend (Next.js)
2025-11-13 11:28:19 [INFO] Starting Next.js server on port 3001...
2025-11-13 11:28:19 [SUCCESS] Frontend started (PID: 144909)
2025-11-13 11:28:19 [INFO] Frontend logs: /home/haseeb-raza/Desktop/Pitchex/logs/frontend.log
2025-11-13 11:28:19 [INFO] Waiting for frontend to become healthy...
2025-11-13 11:28:19 [SUCCESS] Frontend is healthy and responding on port 3001
2025-11-13 11:28:19 [SECTION] Starting Health Monitor
2025-11-13 11:28:19 [SUCCESS] Health monitor started (PID: 144944)
2025-11-13 11:28:19 [INFO] Health checks every 30 seconds
2025-11-13 11:28:19 [INFO] Health logs: /home/haseeb-raza/Desktop/Pitchex/logs/health.log
2025-11-13 11:28:19 [SECTION] Application Status
2025-11-13 11:28:19 [SUCCESS] Application startup complete!
2025-11-13 11:28:19 [INFO] Press Ctrl+C to exit (services will continue running)
2025-11-13 11:28:19 [INFO] Use ./stop-app.sh to stop all services
2025-11-13 12:37:51 [WARNING] Received interrupt signal. Use ./stop-app.sh to stop services cleanly.
2025-11-13 12:49:48 [SECTION] Pitchex Application Startup
2025-11-13 12:49:48 [SECTION] Setting Up Directories
2025-11-13 12:49:48 [SECTION] Checking Dependencies
2025-11-13 12:49:48 [SUCCESS] Python3: Python 3.12.3
2025-11-13 12:49:48 [SUCCESS] Node.js: v20.19.3
2025-11-13 12:49:48 [SUCCESS] npm: 11.6.2
2025-11-13 12:49:48 [SUCCESS] curl: Available
2025-11-13 12:49:48 [SUCCESS] All dependencies satisfied
2025-11-13 12:49:48 [SECTION] Checking Port Availability
2025-11-13 12:49:48 [SUCCESS] Port 8000 (Backend) is available
2025-11-13 12:49:48 [SUCCESS] Port 3001 (Frontend) is available
2025-11-13 12:49:48 [SECTION] Starting Backend (FastAPI)
2025-11-13 12:49:48 [INFO] Installing/updating backend dependencies...
2025-11-13 12:49:51 [INFO] Starting FastAPI server on port 8000...
2025-11-13 12:49:51 [SUCCESS] Backend started (PID: 220128)
2025-11-13 12:49:51 [INFO] Backend logs: /home/haseeb-raza/Desktop/Pitchex/logs/backend.log
2025-11-13 12:49:51 [INFO] Waiting for backend to become healthy...
2025-11-13 12:49:59 [SUCCESS] Backend is healthy and responding on port 8000
2025-11-13 12:49:59 [SECTION] Starting Frontend (Next.js)
2025-11-13 12:49:59 [INFO] Starting Next.js server on port 3001...
2025-11-13 12:50:00 [SUCCESS] Frontend started (PID: 220249)
2025-11-13 12:50:00 [INFO] Frontend logs: /home/haseeb-raza/Desktop/Pitchex/logs/frontend.log
2025-11-13 12:50:00 [INFO] Waiting for frontend to become healthy...
2025-11-13 12:50:14 [SUCCESS] Frontend is healthy and responding on port 3001
2025-11-13 12:50:14 [SECTION] Starting Health Monitor
2025-11-13 12:50:14 [SUCCESS] Health monitor started (PID: 220496)
2025-11-13 12:50:14 [INFO] Health checks every 30 seconds
2025-11-13 12:50:14 [INFO] Health logs: /home/haseeb-raza/Desktop/Pitchex/logs/health.log
2025-11-13 12:50:14 [SECTION] Application Status
2025-11-13 12:50:14 [SUCCESS] Application startup complete!
2025-11-13 12:50:14 [INFO] Press Ctrl+C to exit (services will continue running)
2025-11-13 12:50:14 [INFO] Use ./stop-app.sh to stop all services
